// Jest Snapshot v1, https://goo.gl/fbAQLP

exports[`Home Page renders correctly 1`] = `
<Fragment>
  <p
    className="g-gymkhana"
  >
    Gymkhana!
  </p>
  <Form
    id="home-form"
    inline={false}
    onSubmit={[Function]}
  >
    <FormGroup>
      <FormControl
        className="g-input "
        name="gamePin"
        onChange={[Function]}
        placeholder="Game PIN"
        type="text"
        value=""
      />
    </FormGroup>
    <Button
      active={false}
      className="g-btn"
      disabled={false}
      id="home-btn"
      type="submit"
      variant="primary"
    >
      Entrar
    </Button>
  </Form>
</Fragment>
`;
